// Jest Snapshot v1, https://goo.gl/fbAQLP

exports[`Post Matches with snapshot 1`] = `
<div
  className="post"
>
  <div
    className="post-header"
  >
    <a
      href="#"
    >
      #
      1
    </a>
  </div>
  <div
    className="post-body"
  >
    <p>
      Some text
    </p>
  </div>
</div>
`;
