// Jest Snapshot v1, https://goo.gl/fbAQLP

exports[`App Matches with snapshot 1`] = `
<div
  className="page "
>
  <div
    className="app"
  >
    <div
      className="layout header"
      id="app-header"
    >
      <a
        href="/"
        id="header-link"
        onClick={[Function]}
      >
        Show me them all
      </a>
    </div>
    <div
      className="layout content"
      id="content"
    >
      <div>
        <div
          className="lds-facebook"
        >
          <div />
          <div />
          <div />
        </div>
      </div>
    </div>
  </div>
</div>
`;
